------------------------------------------------------------
TimeQuest Timing Analyzer Summary
------------------------------------------------------------

Type  : Slow 1200mV 85C Model Setup 'run_step'
Slack : -3.975
TNS   : -118.103

Type  : Slow 1200mV 85C Model Setup 'Divisor:inst23|inst27'
Slack : -0.142
TNS   : -0.142

Type  : Slow 1200mV 85C Model Setup 'Divisor:inst23|inst25'
Slack : -0.001
TNS   : -0.001

Type  : Slow 1200mV 85C Model Setup 'Divisor:inst23|inst52'
Slack : -0.001
TNS   : -0.001

Type  : Slow 1200mV 85C Model Setup 'Divisor:inst23|inst60'
Slack : 0.024
TNS   : 0.000

Type  : Slow 1200mV 85C Model Setup 'Divisor:inst23|inst49'
Slack : 0.042
TNS   : 0.000

Type  : Slow 1200mV 85C Model Setup 'Divisor:inst23|inst7'
Slack : 0.042
TNS   : 0.000

Type  : Slow 1200mV 85C Model Setup 'Divisor:inst23|inst15'
Slack : 0.043
TNS   : 0.000

Type  : Slow 1200mV 85C Model Setup 'Divisor:inst23|inst43'
Slack : 0.043
TNS   : 0.000

Type  : Slow 1200mV 85C Model Setup 'Divisor:inst23|inst32'
Slack : 0.046
TNS   : 0.000

Type  : Slow 1200mV 85C Model Setup 'Divisor:inst23|inst66'
Slack : 0.046
TNS   : 0.000

Type  : Slow 1200mV 85C Model Setup 'Divisor:inst23|inst72'
Slack : 0.046
TNS   : 0.000

Type  : Slow 1200mV 85C Model Setup 'Divisor:inst23|inst83'
Slack : 0.046
TNS   : 0.000

Type  : Slow 1200mV 85C Model Setup 'clk_in'
Slack : 0.067
TNS   : 0.000

Type  : Slow 1200mV 85C Model Setup 'Divisor:inst23|inst11'
Slack : 0.096
TNS   : 0.000

Type  : Slow 1200mV 85C Model Setup 'Divisor:inst23|inst'
Slack : 0.181
TNS   : 0.000

Type  : Slow 1200mV 85C Model Setup 'Divisor:inst23|inst17'
Slack : 0.193
TNS   : 0.000

Type  : Slow 1200mV 85C Model Setup 'Divisor:inst23|inst40'
Slack : 0.193
TNS   : 0.000

Type  : Slow 1200mV 85C Model Setup 'Divisor:inst23|inst46'
Slack : 0.193
TNS   : 0.000

Type  : Slow 1200mV 85C Model Setup 'Divisor:inst23|inst63'
Slack : 0.193
TNS   : 0.000

Type  : Slow 1200mV 85C Model Setup 'Divisor:inst23|inst69'
Slack : 0.193
TNS   : 0.000

Type  : Slow 1200mV 85C Model Setup 'Divisor:inst23|inst80'
Slack : 0.193
TNS   : 0.000

Type  : Slow 1200mV 85C Model Setup 'Divisor:inst23|inst13'
Slack : 0.205
TNS   : 0.000

Type  : Slow 1200mV 85C Model Setup 'Divisor:inst23|inst29'
Slack : 0.205
TNS   : 0.000

Type  : Slow 1200mV 85C Model Setup 'Divisor:inst23|inst86'
Slack : 0.318
TNS   : 0.000

Type  : Slow 1200mV 85C Model Hold 'clk_in'
Slack : -0.070
TNS   : -0.070

Type  : Slow 1200mV 85C Model Hold 'Divisor:inst23|inst83'
Slack : 0.014
TNS   : 0.000

Type  : Slow 1200mV 85C Model Hold 'Divisor:inst23|inst15'
Slack : 0.015
TNS   : 0.000

Type  : Slow 1200mV 85C Model Hold 'Divisor:inst23|inst43'
Slack : 0.015
TNS   : 0.000

Type  : Slow 1200mV 85C Model Hold 'Divisor:inst23|inst32'
Slack : 0.016
TNS   : 0.000

Type  : Slow 1200mV 85C Model Hold 'Divisor:inst23|inst66'
Slack : 0.016
TNS   : 0.000

Type  : Slow 1200mV 85C Model Hold 'Divisor:inst23|inst72'
Slack : 0.016
TNS   : 0.000

Type  : Slow 1200mV 85C Model Hold 'Divisor:inst23|inst49'
Slack : 0.017
TNS   : 0.000

Type  : Slow 1200mV 85C Model Hold 'Divisor:inst23|inst7'
Slack : 0.017
TNS   : 0.000

Type  : Slow 1200mV 85C Model Hold 'Divisor:inst23|inst13'
Slack : 0.023
TNS   : 0.000

Type  : Slow 1200mV 85C Model Hold 'Divisor:inst23|inst29'
Slack : 0.023
TNS   : 0.000

Type  : Slow 1200mV 85C Model Hold 'Divisor:inst23|inst11'
Slack : 0.027
TNS   : 0.000

Type  : Slow 1200mV 85C Model Hold 'Divisor:inst23|inst17'
Slack : 0.036
TNS   : 0.000

Type  : Slow 1200mV 85C Model Hold 'Divisor:inst23|inst40'
Slack : 0.036
TNS   : 0.000

Type  : Slow 1200mV 85C Model Hold 'Divisor:inst23|inst46'
Slack : 0.036
TNS   : 0.000

Type  : Slow 1200mV 85C Model Hold 'Divisor:inst23|inst63'
Slack : 0.036
TNS   : 0.000

Type  : Slow 1200mV 85C Model Hold 'Divisor:inst23|inst69'
Slack : 0.036
TNS   : 0.000

Type  : Slow 1200mV 85C Model Hold 'Divisor:inst23|inst80'
Slack : 0.036
TNS   : 0.000

Type  : Slow 1200mV 85C Model Hold 'Divisor:inst23|inst60'
Slack : 0.039
TNS   : 0.000

Type  : Slow 1200mV 85C Model Hold 'Divisor:inst23|inst'
Slack : 0.049
TNS   : 0.000

Type  : Slow 1200mV 85C Model Hold 'Divisor:inst23|inst27'
Slack : 0.122
TNS   : 0.000

Type  : Slow 1200mV 85C Model Hold 'Divisor:inst23|inst25'
Slack : 0.139
TNS   : 0.000

Type  : Slow 1200mV 85C Model Hold 'Divisor:inst23|inst52'
Slack : 0.139
TNS   : 0.000

Type  : Slow 1200mV 85C Model Hold 'run_step'
Slack : 0.357
TNS   : 0.000

Type  : Slow 1200mV 85C Model Hold 'Divisor:inst23|inst86'
Slack : 0.385
TNS   : 0.000

Type  : Slow 1200mV 85C Model Recovery 'run_step'
Slack : -0.340
TNS   : -1.020

Type  : Slow 1200mV 85C Model Removal 'run_step'
Slack : 0.899
TNS   : 0.000

Type  : Slow 1200mV 85C Model Minimum Pulse Width 'run_step'
Slack : -3.000
TNS   : -44.000

Type  : Slow 1200mV 85C Model Minimum Pulse Width 'clk_in'
Slack : -3.000
TNS   : -4.000

Type  : Slow 1200mV 85C Model Minimum Pulse Width 'Divisor:inst23|inst'
Slack : -1.000
TNS   : -1.000

Type  : Slow 1200mV 85C Model Minimum Pulse Width 'Divisor:inst23|inst11'
Slack : -1.000
TNS   : -1.000

Type  : Slow 1200mV 85C Model Minimum Pulse Width 'Divisor:inst23|inst13'
Slack : -1.000
TNS   : -1.000

Type  : Slow 1200mV 85C Model Minimum Pulse Width 'Divisor:inst23|inst15'
Slack : -1.000
TNS   : -1.000

Type  : Slow 1200mV 85C Model Minimum Pulse Width 'Divisor:inst23|inst17'
Slack : -1.000
TNS   : -1.000

Type  : Slow 1200mV 85C Model Minimum Pulse Width 'Divisor:inst23|inst25'
Slack : -1.000
TNS   : -1.000

Type  : Slow 1200mV 85C Model Minimum Pulse Width 'Divisor:inst23|inst27'
Slack : -1.000
TNS   : -1.000

Type  : Slow 1200mV 85C Model Minimum Pulse Width 'Divisor:inst23|inst29'
Slack : -1.000
TNS   : -1.000

Type  : Slow 1200mV 85C Model Minimum Pulse Width 'Divisor:inst23|inst32'
Slack : -1.000
TNS   : -1.000

Type  : Slow 1200mV 85C Model Minimum Pulse Width 'Divisor:inst23|inst40'
Slack : -1.000
TNS   : -1.000

Type  : Slow 1200mV 85C Model Minimum Pulse Width 'Divisor:inst23|inst43'
Slack : -1.000
TNS   : -1.000

Type  : Slow 1200mV 85C Model Minimum Pulse Width 'Divisor:inst23|inst46'
Slack : -1.000
TNS   : -1.000

Type  : Slow 1200mV 85C Model Minimum Pulse Width 'Divisor:inst23|inst49'
Slack : -1.000
TNS   : -1.000

Type  : Slow 1200mV 85C Model Minimum Pulse Width 'Divisor:inst23|inst52'
Slack : -1.000
TNS   : -1.000

Type  : Slow 1200mV 85C Model Minimum Pulse Width 'Divisor:inst23|inst60'
Slack : -1.000
TNS   : -1.000

Type  : Slow 1200mV 85C Model Minimum Pulse Width 'Divisor:inst23|inst63'
Slack : -1.000
TNS   : -1.000

Type  : Slow 1200mV 85C Model Minimum Pulse Width 'Divisor:inst23|inst66'
Slack : -1.000
TNS   : -1.000

Type  : Slow 1200mV 85C Model Minimum Pulse Width 'Divisor:inst23|inst69'
Slack : -1.000
TNS   : -1.000

Type  : Slow 1200mV 85C Model Minimum Pulse Width 'Divisor:inst23|inst7'
Slack : -1.000
TNS   : -1.000

Type  : Slow 1200mV 85C Model Minimum Pulse Width 'Divisor:inst23|inst72'
Slack : -1.000
TNS   : -1.000

Type  : Slow 1200mV 85C Model Minimum Pulse Width 'Divisor:inst23|inst80'
Slack : -1.000
TNS   : -1.000

Type  : Slow 1200mV 85C Model Minimum Pulse Width 'Divisor:inst23|inst83'
Slack : -1.000
TNS   : -1.000

Type  : Slow 1200mV 85C Model Minimum Pulse Width 'Divisor:inst23|inst86'
Slack : -1.000
TNS   : -1.000

Type  : Slow 1200mV 0C Model Setup 'run_step'
Slack : -3.477
TNS   : -102.512

Type  : Slow 1200mV 0C Model Setup 'Divisor:inst23|inst27'
Slack : -0.043
TNS   : -0.043

Type  : Slow 1200mV 0C Model Setup 'Divisor:inst23|inst25'
Slack : 0.062
TNS   : 0.000

Type  : Slow 1200mV 0C Model Setup 'Divisor:inst23|inst52'
Slack : 0.062
TNS   : 0.000

Type  : Slow 1200mV 0C Model Setup 'Divisor:inst23|inst60'
Slack : 0.086
TNS   : 0.000

Type  : Slow 1200mV 0C Model Setup 'Divisor:inst23|inst15'
Slack : 0.109
TNS   : 0.000

Type  : Slow 1200mV 0C Model Setup 'Divisor:inst23|inst43'
Slack : 0.109
TNS   : 0.000

Type  : Slow 1200mV 0C Model Setup 'Divisor:inst23|inst49'
Slack : 0.109
TNS   : 0.000

Type  : Slow 1200mV 0C Model Setup 'Divisor:inst23|inst7'
Slack : 0.109
TNS   : 0.000

Type  : Slow 1200mV 0C Model Setup 'Divisor:inst23|inst32'
Slack : 0.112
TNS   : 0.000

Type  : Slow 1200mV 0C Model Setup 'Divisor:inst23|inst66'
Slack : 0.112
TNS   : 0.000

Type  : Slow 1200mV 0C Model Setup 'Divisor:inst23|inst72'
Slack : 0.112
TNS   : 0.000

Type  : Slow 1200mV 0C Model Setup 'Divisor:inst23|inst83'
Slack : 0.115
TNS   : 0.000

Type  : Slow 1200mV 0C Model Setup 'Divisor:inst23|inst11'
Slack : 0.169
TNS   : 0.000

Type  : Slow 1200mV 0C Model Setup 'clk_in'
Slack : 0.175
TNS   : 0.000

Type  : Slow 1200mV 0C Model Setup 'Divisor:inst23|inst'
Slack : 0.224
TNS   : 0.000

Type  : Slow 1200mV 0C Model Setup 'Divisor:inst23|inst17'
Slack : 0.226
TNS   : 0.000

Type  : Slow 1200mV 0C Model Setup 'Divisor:inst23|inst40'
Slack : 0.226
TNS   : 0.000

Type  : Slow 1200mV 0C Model Setup 'Divisor:inst23|inst46'
Slack : 0.226
TNS   : 0.000

Type  : Slow 1200mV 0C Model Setup 'Divisor:inst23|inst63'
Slack : 0.226
TNS   : 0.000

Type  : Slow 1200mV 0C Model Setup 'Divisor:inst23|inst69'
Slack : 0.226
TNS   : 0.000

Type  : Slow 1200mV 0C Model Setup 'Divisor:inst23|inst80'
Slack : 0.226
TNS   : 0.000

Type  : Slow 1200mV 0C Model Setup 'Divisor:inst23|inst13'
Slack : 0.237
TNS   : 0.000

Type  : Slow 1200mV 0C Model Setup 'Divisor:inst23|inst29'
Slack : 0.237
TNS   : 0.000

Type  : Slow 1200mV 0C Model Setup 'Divisor:inst23|inst86'
Slack : 0.398
TNS   : 0.000

Type  : Slow 1200mV 0C Model Hold 'clk_in'
Slack : -0.139
TNS   : -0.139

Type  : Slow 1200mV 0C Model Hold 'Divisor:inst23|inst11'
Slack : -0.013
TNS   : -0.013

Type  : Slow 1200mV 0C Model Hold 'Divisor:inst23|inst15'
Slack : -0.013
TNS   : -0.013

Type  : Slow 1200mV 0C Model Hold 'Divisor:inst23|inst43'
Slack : -0.013
TNS   : -0.013

Type  : Slow 1200mV 0C Model Hold 'Divisor:inst23|inst83'
Slack : -0.013
TNS   : -0.013

Type  : Slow 1200mV 0C Model Hold 'Divisor:inst23|inst32'
Slack : -0.012
TNS   : -0.012

Type  : Slow 1200mV 0C Model Hold 'Divisor:inst23|inst66'
Slack : -0.012
TNS   : -0.012

Type  : Slow 1200mV 0C Model Hold 'Divisor:inst23|inst72'
Slack : -0.012
TNS   : -0.012

Type  : Slow 1200mV 0C Model Hold 'Divisor:inst23|inst49'
Slack : -0.011
TNS   : -0.011

Type  : Slow 1200mV 0C Model Hold 'Divisor:inst23|inst7'
Slack : -0.011
TNS   : -0.011

Type  : Slow 1200mV 0C Model Hold 'Divisor:inst23|inst13'
Slack : 0.011
TNS   : 0.000

Type  : Slow 1200mV 0C Model Hold 'Divisor:inst23|inst29'
Slack : 0.011
TNS   : 0.000

Type  : Slow 1200mV 0C Model Hold 'Divisor:inst23|inst60'
Slack : 0.015
TNS   : 0.000

Type  : Slow 1200mV 0C Model Hold 'Divisor:inst23|inst17'
Slack : 0.022
TNS   : 0.000

Type  : Slow 1200mV 0C Model Hold 'Divisor:inst23|inst40'
Slack : 0.022
TNS   : 0.000

Type  : Slow 1200mV 0C Model Hold 'Divisor:inst23|inst46'
Slack : 0.022
TNS   : 0.000

Type  : Slow 1200mV 0C Model Hold 'Divisor:inst23|inst63'
Slack : 0.022
TNS   : 0.000

Type  : Slow 1200mV 0C Model Hold 'Divisor:inst23|inst69'
Slack : 0.022
TNS   : 0.000

Type  : Slow 1200mV 0C Model Hold 'Divisor:inst23|inst80'
Slack : 0.022
TNS   : 0.000

Type  : Slow 1200mV 0C Model Hold 'Divisor:inst23|inst'
Slack : 0.041
TNS   : 0.000

Type  : Slow 1200mV 0C Model Hold 'Divisor:inst23|inst27'
Slack : 0.083
TNS   : 0.000

Type  : Slow 1200mV 0C Model Hold 'Divisor:inst23|inst25'
Slack : 0.119
TNS   : 0.000

Type  : Slow 1200mV 0C Model Hold 'Divisor:inst23|inst52'
Slack : 0.119
TNS   : 0.000

Type  : Slow 1200mV 0C Model Hold 'run_step'
Slack : 0.312
TNS   : 0.000

Type  : Slow 1200mV 0C Model Hold 'Divisor:inst23|inst86'
Slack : 0.341
TNS   : 0.000

Type  : Slow 1200mV 0C Model Recovery 'run_step'
Slack : -0.192
TNS   : -0.576

Type  : Slow 1200mV 0C Model Removal 'run_step'
Slack : 0.812
TNS   : 0.000

Type  : Slow 1200mV 0C Model Minimum Pulse Width 'run_step'
Slack : -3.000
TNS   : -44.000

Type  : Slow 1200mV 0C Model Minimum Pulse Width 'clk_in'
Slack : -3.000
TNS   : -4.000

Type  : Slow 1200mV 0C Model Minimum Pulse Width 'Divisor:inst23|inst'
Slack : -1.000
TNS   : -1.000

Type  : Slow 1200mV 0C Model Minimum Pulse Width 'Divisor:inst23|inst11'
Slack : -1.000
TNS   : -1.000

Type  : Slow 1200mV 0C Model Minimum Pulse Width 'Divisor:inst23|inst13'
Slack : -1.000
TNS   : -1.000

Type  : Slow 1200mV 0C Model Minimum Pulse Width 'Divisor:inst23|inst15'
Slack : -1.000
TNS   : -1.000

Type  : Slow 1200mV 0C Model Minimum Pulse Width 'Divisor:inst23|inst17'
Slack : -1.000
TNS   : -1.000

Type  : Slow 1200mV 0C Model Minimum Pulse Width 'Divisor:inst23|inst25'
Slack : -1.000
TNS   : -1.000

Type  : Slow 1200mV 0C Model Minimum Pulse Width 'Divisor:inst23|inst27'
Slack : -1.000
TNS   : -1.000

Type  : Slow 1200mV 0C Model Minimum Pulse Width 'Divisor:inst23|inst29'
Slack : -1.000
TNS   : -1.000

Type  : Slow 1200mV 0C Model Minimum Pulse Width 'Divisor:inst23|inst32'
Slack : -1.000
TNS   : -1.000

Type  : Slow 1200mV 0C Model Minimum Pulse Width 'Divisor:inst23|inst40'
Slack : -1.000
TNS   : -1.000

Type  : Slow 1200mV 0C Model Minimum Pulse Width 'Divisor:inst23|inst43'
Slack : -1.000
TNS   : -1.000

Type  : Slow 1200mV 0C Model Minimum Pulse Width 'Divisor:inst23|inst46'
Slack : -1.000
TNS   : -1.000

Type  : Slow 1200mV 0C Model Minimum Pulse Width 'Divisor:inst23|inst49'
Slack : -1.000
TNS   : -1.000

Type  : Slow 1200mV 0C Model Minimum Pulse Width 'Divisor:inst23|inst52'
Slack : -1.000
TNS   : -1.000

Type  : Slow 1200mV 0C Model Minimum Pulse Width 'Divisor:inst23|inst60'
Slack : -1.000
TNS   : -1.000

Type  : Slow 1200mV 0C Model Minimum Pulse Width 'Divisor:inst23|inst63'
Slack : -1.000
TNS   : -1.000

Type  : Slow 1200mV 0C Model Minimum Pulse Width 'Divisor:inst23|inst66'
Slack : -1.000
TNS   : -1.000

Type  : Slow 1200mV 0C Model Minimum Pulse Width 'Divisor:inst23|inst69'
Slack : -1.000
TNS   : -1.000

Type  : Slow 1200mV 0C Model Minimum Pulse Width 'Divisor:inst23|inst7'
Slack : -1.000
TNS   : -1.000

Type  : Slow 1200mV 0C Model Minimum Pulse Width 'Divisor:inst23|inst72'
Slack : -1.000
TNS   : -1.000

Type  : Slow 1200mV 0C Model Minimum Pulse Width 'Divisor:inst23|inst80'
Slack : -1.000
TNS   : -1.000

Type  : Slow 1200mV 0C Model Minimum Pulse Width 'Divisor:inst23|inst83'
Slack : -1.000
TNS   : -1.000

Type  : Slow 1200mV 0C Model Minimum Pulse Width 'Divisor:inst23|inst86'
Slack : -1.000
TNS   : -1.000

Type  : Fast 1200mV 0C Model Setup 'run_step'
Slack : -1.819
TNS   : -49.245

Type  : Fast 1200mV 0C Model Setup 'Divisor:inst23|inst27'
Slack : 0.167
TNS   : 0.000

Type  : Fast 1200mV 0C Model Setup 'Divisor:inst23|inst25'
Slack : 0.232
TNS   : 0.000

Type  : Fast 1200mV 0C Model Setup 'Divisor:inst23|inst52'
Slack : 0.232
TNS   : 0.000

Type  : Fast 1200mV 0C Model Setup 'Divisor:inst23|inst60'
Slack : 0.238
TNS   : 0.000

Type  : Fast 1200mV 0C Model Setup 'Divisor:inst23|inst49'
Slack : 0.246
TNS   : 0.000

Type  : Fast 1200mV 0C Model Setup 'Divisor:inst23|inst7'
Slack : 0.246
TNS   : 0.000

Type  : Fast 1200mV 0C Model Setup 'Divisor:inst23|inst15'
Slack : 0.247
TNS   : 0.000

Type  : Fast 1200mV 0C Model Setup 'Divisor:inst23|inst43'
Slack : 0.247
TNS   : 0.000

Type  : Fast 1200mV 0C Model Setup 'Divisor:inst23|inst83'
Slack : 0.247
TNS   : 0.000

Type  : Fast 1200mV 0C Model Setup 'Divisor:inst23|inst32'
Slack : 0.249
TNS   : 0.000

Type  : Fast 1200mV 0C Model Setup 'Divisor:inst23|inst66'
Slack : 0.249
TNS   : 0.000

Type  : Fast 1200mV 0C Model Setup 'Divisor:inst23|inst72'
Slack : 0.249
TNS   : 0.000

Type  : Fast 1200mV 0C Model Setup 'clk_in'
Slack : 0.276
TNS   : 0.000

Type  : Fast 1200mV 0C Model Setup 'Divisor:inst23|inst11'
Slack : 0.299
TNS   : 0.000

Type  : Fast 1200mV 0C Model Setup 'Divisor:inst23|inst'
Slack : 0.344
TNS   : 0.000

Type  : Fast 1200mV 0C Model Setup 'Divisor:inst23|inst40'
Slack : 0.353
TNS   : 0.000

Type  : Fast 1200mV 0C Model Setup 'Divisor:inst23|inst63'
Slack : 0.353
TNS   : 0.000

Type  : Fast 1200mV 0C Model Setup 'Divisor:inst23|inst69'
Slack : 0.353
TNS   : 0.000

Type  : Fast 1200mV 0C Model Setup 'Divisor:inst23|inst80'
Slack : 0.353
TNS   : 0.000

Type  : Fast 1200mV 0C Model Setup 'Divisor:inst23|inst17'
Slack : 0.354
TNS   : 0.000

Type  : Fast 1200mV 0C Model Setup 'Divisor:inst23|inst46'
Slack : 0.354
TNS   : 0.000

Type  : Fast 1200mV 0C Model Setup 'Divisor:inst23|inst13'
Slack : 0.360
TNS   : 0.000

Type  : Fast 1200mV 0C Model Setup 'Divisor:inst23|inst29'
Slack : 0.360
TNS   : 0.000

Type  : Fast 1200mV 0C Model Setup 'Divisor:inst23|inst86'
Slack : 0.626
TNS   : 0.000

Type  : Fast 1200mV 0C Model Hold 'clk_in'
Slack : -0.072
TNS   : -0.072

Type  : Fast 1200mV 0C Model Hold 'Divisor:inst23|inst13'
Slack : -0.006
TNS   : -0.006

Type  : Fast 1200mV 0C Model Hold 'Divisor:inst23|inst29'
Slack : -0.006
TNS   : -0.006

Type  : Fast 1200mV 0C Model Hold 'Divisor:inst23|inst11'
Slack : -0.005
TNS   : -0.005

Type  : Fast 1200mV 0C Model Hold 'Divisor:inst23|inst'
Slack : 0.000
TNS   : 0.000

Type  : Fast 1200mV 0C Model Hold 'Divisor:inst23|inst17'
Slack : 0.000
TNS   : 0.000

Type  : Fast 1200mV 0C Model Hold 'Divisor:inst23|inst46'
Slack : 0.000
TNS   : 0.000

Type  : Fast 1200mV 0C Model Hold 'Divisor:inst23|inst40'
Slack : 0.001
TNS   : 0.000

Type  : Fast 1200mV 0C Model Hold 'Divisor:inst23|inst63'
Slack : 0.001
TNS   : 0.000

Type  : Fast 1200mV 0C Model Hold 'Divisor:inst23|inst69'
Slack : 0.001
TNS   : 0.000

Type  : Fast 1200mV 0C Model Hold 'Divisor:inst23|inst80'
Slack : 0.001
TNS   : 0.000

Type  : Fast 1200mV 0C Model Hold 'Divisor:inst23|inst83'
Slack : 0.010
TNS   : 0.000

Type  : Fast 1200mV 0C Model Hold 'Divisor:inst23|inst15'
Slack : 0.011
TNS   : 0.000

Type  : Fast 1200mV 0C Model Hold 'Divisor:inst23|inst43'
Slack : 0.011
TNS   : 0.000

Type  : Fast 1200mV 0C Model Hold 'Divisor:inst23|inst32'
Slack : 0.012
TNS   : 0.000

Type  : Fast 1200mV 0C Model Hold 'Divisor:inst23|inst49'
Slack : 0.012
TNS   : 0.000

Type  : Fast 1200mV 0C Model Hold 'Divisor:inst23|inst66'
Slack : 0.012
TNS   : 0.000

Type  : Fast 1200mV 0C Model Hold 'Divisor:inst23|inst7'
Slack : 0.012
TNS   : 0.000

Type  : Fast 1200mV 0C Model Hold 'Divisor:inst23|inst72'
Slack : 0.012
TNS   : 0.000

Type  : Fast 1200mV 0C Model Hold 'Divisor:inst23|inst60'
Slack : 0.022
TNS   : 0.000

Type  : Fast 1200mV 0C Model Hold 'Divisor:inst23|inst27'
Slack : 0.053
TNS   : 0.000

Type  : Fast 1200mV 0C Model Hold 'Divisor:inst23|inst25'
Slack : 0.058
TNS   : 0.000

Type  : Fast 1200mV 0C Model Hold 'Divisor:inst23|inst52'
Slack : 0.058
TNS   : 0.000

Type  : Fast 1200mV 0C Model Hold 'run_step'
Slack : 0.186
TNS   : 0.000

Type  : Fast 1200mV 0C Model Hold 'Divisor:inst23|inst86'
Slack : 0.208
TNS   : 0.000

Type  : Fast 1200mV 0C Model Recovery 'run_step'
Slack : 0.232
TNS   : 0.000

Type  : Fast 1200mV 0C Model Removal 'run_step'
Slack : 0.491
TNS   : 0.000

Type  : Fast 1200mV 0C Model Minimum Pulse Width 'run_step'
Slack : -3.000
TNS   : -50.321

Type  : Fast 1200mV 0C Model Minimum Pulse Width 'clk_in'
Slack : -3.000
TNS   : -4.055

Type  : Fast 1200mV 0C Model Minimum Pulse Width 'Divisor:inst23|inst'
Slack : -1.000
TNS   : -1.000

Type  : Fast 1200mV 0C Model Minimum Pulse Width 'Divisor:inst23|inst11'
Slack : -1.000
TNS   : -1.000

Type  : Fast 1200mV 0C Model Minimum Pulse Width 'Divisor:inst23|inst13'
Slack : -1.000
TNS   : -1.000

Type  : Fast 1200mV 0C Model Minimum Pulse Width 'Divisor:inst23|inst15'
Slack : -1.000
TNS   : -1.000

Type  : Fast 1200mV 0C Model Minimum Pulse Width 'Divisor:inst23|inst17'
Slack : -1.000
TNS   : -1.000

Type  : Fast 1200mV 0C Model Minimum Pulse Width 'Divisor:inst23|inst25'
Slack : -1.000
TNS   : -1.000

Type  : Fast 1200mV 0C Model Minimum Pulse Width 'Divisor:inst23|inst27'
Slack : -1.000
TNS   : -1.000

Type  : Fast 1200mV 0C Model Minimum Pulse Width 'Divisor:inst23|inst29'
Slack : -1.000
TNS   : -1.000

Type  : Fast 1200mV 0C Model Minimum Pulse Width 'Divisor:inst23|inst32'
Slack : -1.000
TNS   : -1.000

Type  : Fast 1200mV 0C Model Minimum Pulse Width 'Divisor:inst23|inst40'
Slack : -1.000
TNS   : -1.000

Type  : Fast 1200mV 0C Model Minimum Pulse Width 'Divisor:inst23|inst43'
Slack : -1.000
TNS   : -1.000

Type  : Fast 1200mV 0C Model Minimum Pulse Width 'Divisor:inst23|inst46'
Slack : -1.000
TNS   : -1.000

Type  : Fast 1200mV 0C Model Minimum Pulse Width 'Divisor:inst23|inst49'
Slack : -1.000
TNS   : -1.000

Type  : Fast 1200mV 0C Model Minimum Pulse Width 'Divisor:inst23|inst52'
Slack : -1.000
TNS   : -1.000

Type  : Fast 1200mV 0C Model Minimum Pulse Width 'Divisor:inst23|inst60'
Slack : -1.000
TNS   : -1.000

Type  : Fast 1200mV 0C Model Minimum Pulse Width 'Divisor:inst23|inst63'
Slack : -1.000
TNS   : -1.000

Type  : Fast 1200mV 0C Model Minimum Pulse Width 'Divisor:inst23|inst66'
Slack : -1.000
TNS   : -1.000

Type  : Fast 1200mV 0C Model Minimum Pulse Width 'Divisor:inst23|inst69'
Slack : -1.000
TNS   : -1.000

Type  : Fast 1200mV 0C Model Minimum Pulse Width 'Divisor:inst23|inst7'
Slack : -1.000
TNS   : -1.000

Type  : Fast 1200mV 0C Model Minimum Pulse Width 'Divisor:inst23|inst72'
Slack : -1.000
TNS   : -1.000

Type  : Fast 1200mV 0C Model Minimum Pulse Width 'Divisor:inst23|inst80'
Slack : -1.000
TNS   : -1.000

Type  : Fast 1200mV 0C Model Minimum Pulse Width 'Divisor:inst23|inst83'
Slack : -1.000
TNS   : -1.000

Type  : Fast 1200mV 0C Model Minimum Pulse Width 'Divisor:inst23|inst86'
Slack : -1.000
TNS   : -1.000

------------------------------------------------------------
