------------------------------------------------------------
TimeQuest Timing Analyzer Summary
------------------------------------------------------------

Type  : Slow 1200mV 85C Model Setup 'run_step'
Slack : -3.473
TNS   : -108.432

Type  : Slow 1200mV 85C Model Setup 'clk_in'
Slack : -0.015
TNS   : -0.015

Type  : Slow 1200mV 85C Model Setup 'Divisor:inst23|inst15'
Slack : 0.004
TNS   : 0.000

Type  : Slow 1200mV 85C Model Setup 'Divisor:inst23|inst25'
Slack : 0.010
TNS   : 0.000

Type  : Slow 1200mV 85C Model Setup 'Divisor:inst23|inst49'
Slack : 0.028
TNS   : 0.000

Type  : Slow 1200mV 85C Model Setup 'Divisor:inst23|inst13'
Slack : 0.031
TNS   : 0.000

Type  : Slow 1200mV 85C Model Setup 'Divisor:inst23|inst66'
Slack : 0.031
TNS   : 0.000

Type  : Slow 1200mV 85C Model Setup 'Divisor:inst23|inst32'
Slack : 0.039
TNS   : 0.000

Type  : Slow 1200mV 85C Model Setup 'Divisor:inst23|inst17'
Slack : 0.044
TNS   : 0.000

Type  : Slow 1200mV 85C Model Setup 'Divisor:inst23|inst60'
Slack : 0.045
TNS   : 0.000

Type  : Slow 1200mV 85C Model Setup 'Divisor:inst23|inst83'
Slack : 0.120
TNS   : 0.000

Type  : Slow 1200mV 85C Model Setup 'Divisor:inst23|inst72'
Slack : 0.129
TNS   : 0.000

Type  : Slow 1200mV 85C Model Setup 'Divisor:inst23|inst27'
Slack : 0.132
TNS   : 0.000

Type  : Slow 1200mV 85C Model Setup 'Divisor:inst23|inst43'
Slack : 0.153
TNS   : 0.000

Type  : Slow 1200mV 85C Model Setup 'Divisor:inst23|inst69'
Slack : 0.177
TNS   : 0.000

Type  : Slow 1200mV 85C Model Setup 'Divisor:inst23|inst63'
Slack : 0.180
TNS   : 0.000

Type  : Slow 1200mV 85C Model Setup 'Divisor:inst23|inst29'
Slack : 0.183
TNS   : 0.000

Type  : Slow 1200mV 85C Model Setup 'Divisor:inst23|inst46'
Slack : 0.190
TNS   : 0.000

Type  : Slow 1200mV 85C Model Setup 'Divisor:inst23|inst52'
Slack : 0.193
TNS   : 0.000

Type  : Slow 1200mV 85C Model Setup 'Divisor:inst23|inst80'
Slack : 0.197
TNS   : 0.000

Type  : Slow 1200mV 85C Model Setup 'Divisor:inst23|inst40'
Slack : 0.199
TNS   : 0.000

Type  : Slow 1200mV 85C Model Setup 'Divisor:inst23|inst'
Slack : 0.208
TNS   : 0.000

Type  : Slow 1200mV 85C Model Setup 'Divisor:inst23|inst11'
Slack : 0.232
TNS   : 0.000

Type  : Slow 1200mV 85C Model Setup 'Divisor:inst23|inst7'
Slack : 0.252
TNS   : 0.000

Type  : Slow 1200mV 85C Model Setup 'Divisor:inst23|inst86'
Slack : 0.318
TNS   : 0.000

Type  : Slow 1200mV 85C Model Hold 'Divisor:inst23|inst11'
Slack : -0.174
TNS   : -0.174

Type  : Slow 1200mV 85C Model Hold 'Divisor:inst23|inst7'
Slack : -0.074
TNS   : -0.074

Type  : Slow 1200mV 85C Model Hold 'Divisor:inst23|inst72'
Slack : -0.030
TNS   : -0.030

Type  : Slow 1200mV 85C Model Hold 'clk_in'
Slack : -0.024
TNS   : -0.024

Type  : Slow 1200mV 85C Model Hold 'Divisor:inst23|inst46'
Slack : -0.001
TNS   : -0.001

Type  : Slow 1200mV 85C Model Hold 'Divisor:inst23|inst29'
Slack : 0.001
TNS   : 0.000

Type  : Slow 1200mV 85C Model Hold 'Divisor:inst23|inst60'
Slack : 0.015
TNS   : 0.000

Type  : Slow 1200mV 85C Model Hold 'Divisor:inst23|inst17'
Slack : 0.016
TNS   : 0.000

Type  : Slow 1200mV 85C Model Hold 'Divisor:inst23|inst27'
Slack : 0.016
TNS   : 0.000

Type  : Slow 1200mV 85C Model Hold 'Divisor:inst23|inst66'
Slack : 0.017
TNS   : 0.000

Type  : Slow 1200mV 85C Model Hold 'Divisor:inst23|inst32'
Slack : 0.019
TNS   : 0.000

Type  : Slow 1200mV 85C Model Hold 'Divisor:inst23|inst'
Slack : 0.020
TNS   : 0.000

Type  : Slow 1200mV 85C Model Hold 'Divisor:inst23|inst40'
Slack : 0.029
TNS   : 0.000

Type  : Slow 1200mV 85C Model Hold 'Divisor:inst23|inst13'
Slack : 0.030
TNS   : 0.000

Type  : Slow 1200mV 85C Model Hold 'Divisor:inst23|inst80'
Slack : 0.031
TNS   : 0.000

Type  : Slow 1200mV 85C Model Hold 'Divisor:inst23|inst49'
Slack : 0.032
TNS   : 0.000

Type  : Slow 1200mV 85C Model Hold 'Divisor:inst23|inst52'
Slack : 0.036
TNS   : 0.000

Type  : Slow 1200mV 85C Model Hold 'Divisor:inst23|inst43'
Slack : 0.047
TNS   : 0.000

Type  : Slow 1200mV 85C Model Hold 'Divisor:inst23|inst63'
Slack : 0.047
TNS   : 0.000

Type  : Slow 1200mV 85C Model Hold 'Divisor:inst23|inst69'
Slack : 0.052
TNS   : 0.000

Type  : Slow 1200mV 85C Model Hold 'Divisor:inst23|inst83'
Slack : 0.064
TNS   : 0.000

Type  : Slow 1200mV 85C Model Hold 'Divisor:inst23|inst25'
Slack : 0.089
TNS   : 0.000

Type  : Slow 1200mV 85C Model Hold 'Divisor:inst23|inst15'
Slack : 0.131
TNS   : 0.000

Type  : Slow 1200mV 85C Model Hold 'run_step'
Slack : 0.343
TNS   : 0.000

Type  : Slow 1200mV 85C Model Hold 'Divisor:inst23|inst86'
Slack : 0.385
TNS   : 0.000

Type  : Slow 1200mV 85C Model Recovery 'run_step'
Slack : 0.020
TNS   : 0.000

Type  : Slow 1200mV 85C Model Removal 'run_step'
Slack : 0.533
TNS   : 0.000

Type  : Slow 1200mV 85C Model Minimum Pulse Width 'run_step'
Slack : -3.000
TNS   : -44.000

Type  : Slow 1200mV 85C Model Minimum Pulse Width 'clk_in'
Slack : -3.000
TNS   : -4.000

Type  : Slow 1200mV 85C Model Minimum Pulse Width 'Divisor:inst23|inst'
Slack : -1.000
TNS   : -1.000

Type  : Slow 1200mV 85C Model Minimum Pulse Width 'Divisor:inst23|inst11'
Slack : -1.000
TNS   : -1.000

Type  : Slow 1200mV 85C Model Minimum Pulse Width 'Divisor:inst23|inst13'
Slack : -1.000
TNS   : -1.000

Type  : Slow 1200mV 85C Model Minimum Pulse Width 'Divisor:inst23|inst15'
Slack : -1.000
TNS   : -1.000

Type  : Slow 1200mV 85C Model Minimum Pulse Width 'Divisor:inst23|inst17'
Slack : -1.000
TNS   : -1.000

Type  : Slow 1200mV 85C Model Minimum Pulse Width 'Divisor:inst23|inst25'
Slack : -1.000
TNS   : -1.000

Type  : Slow 1200mV 85C Model Minimum Pulse Width 'Divisor:inst23|inst27'
Slack : -1.000
TNS   : -1.000

Type  : Slow 1200mV 85C Model Minimum Pulse Width 'Divisor:inst23|inst29'
Slack : -1.000
TNS   : -1.000

Type  : Slow 1200mV 85C Model Minimum Pulse Width 'Divisor:inst23|inst32'
Slack : -1.000
TNS   : -1.000

Type  : Slow 1200mV 85C Model Minimum Pulse Width 'Divisor:inst23|inst40'
Slack : -1.000
TNS   : -1.000

Type  : Slow 1200mV 85C Model Minimum Pulse Width 'Divisor:inst23|inst43'
Slack : -1.000
TNS   : -1.000

Type  : Slow 1200mV 85C Model Minimum Pulse Width 'Divisor:inst23|inst46'
Slack : -1.000
TNS   : -1.000

Type  : Slow 1200mV 85C Model Minimum Pulse Width 'Divisor:inst23|inst49'
Slack : -1.000
TNS   : -1.000

Type  : Slow 1200mV 85C Model Minimum Pulse Width 'Divisor:inst23|inst52'
Slack : -1.000
TNS   : -1.000

Type  : Slow 1200mV 85C Model Minimum Pulse Width 'Divisor:inst23|inst60'
Slack : -1.000
TNS   : -1.000

Type  : Slow 1200mV 85C Model Minimum Pulse Width 'Divisor:inst23|inst63'
Slack : -1.000
TNS   : -1.000

Type  : Slow 1200mV 85C Model Minimum Pulse Width 'Divisor:inst23|inst66'
Slack : -1.000
TNS   : -1.000

Type  : Slow 1200mV 85C Model Minimum Pulse Width 'Divisor:inst23|inst69'
Slack : -1.000
TNS   : -1.000

Type  : Slow 1200mV 85C Model Minimum Pulse Width 'Divisor:inst23|inst7'
Slack : -1.000
TNS   : -1.000

Type  : Slow 1200mV 85C Model Minimum Pulse Width 'Divisor:inst23|inst72'
Slack : -1.000
TNS   : -1.000

Type  : Slow 1200mV 85C Model Minimum Pulse Width 'Divisor:inst23|inst80'
Slack : -1.000
TNS   : -1.000

Type  : Slow 1200mV 85C Model Minimum Pulse Width 'Divisor:inst23|inst83'
Slack : -1.000
TNS   : -1.000

Type  : Slow 1200mV 85C Model Minimum Pulse Width 'Divisor:inst23|inst86'
Slack : -1.000
TNS   : -1.000

Type  : Slow 1200mV 0C Model Setup 'run_step'
Slack : -2.978
TNS   : -93.663

Type  : Slow 1200mV 0C Model Setup 'Divisor:inst23|inst15'
Slack : 0.065
TNS   : 0.000

Type  : Slow 1200mV 0C Model Setup 'Divisor:inst23|inst25'
Slack : 0.066
TNS   : 0.000

Type  : Slow 1200mV 0C Model Setup 'Divisor:inst23|inst49'
Slack : 0.093
TNS   : 0.000

Type  : Slow 1200mV 0C Model Setup 'Divisor:inst23|inst13'
Slack : 0.097
TNS   : 0.000

Type  : Slow 1200mV 0C Model Setup 'clk_in'
Slack : 0.098
TNS   : 0.000

Type  : Slow 1200mV 0C Model Setup 'Divisor:inst23|inst66'
Slack : 0.103
TNS   : 0.000

Type  : Slow 1200mV 0C Model Setup 'Divisor:inst23|inst32'
Slack : 0.105
TNS   : 0.000

Type  : Slow 1200mV 0C Model Setup 'Divisor:inst23|inst60'
Slack : 0.111
TNS   : 0.000

Type  : Slow 1200mV 0C Model Setup 'Divisor:inst23|inst17'
Slack : 0.113
TNS   : 0.000

Type  : Slow 1200mV 0C Model Setup 'Divisor:inst23|inst83'
Slack : 0.169
TNS   : 0.000

Type  : Slow 1200mV 0C Model Setup 'Divisor:inst23|inst72'
Slack : 0.181
TNS   : 0.000

Type  : Slow 1200mV 0C Model Setup 'Divisor:inst23|inst27'
Slack : 0.182
TNS   : 0.000

Type  : Slow 1200mV 0C Model Setup 'Divisor:inst23|inst43'
Slack : 0.214
TNS   : 0.000

Type  : Slow 1200mV 0C Model Setup 'Divisor:inst23|inst29'
Slack : 0.217
TNS   : 0.000

Type  : Slow 1200mV 0C Model Setup 'Divisor:inst23|inst69'
Slack : 0.218
TNS   : 0.000

Type  : Slow 1200mV 0C Model Setup 'Divisor:inst23|inst63'
Slack : 0.224
TNS   : 0.000

Type  : Slow 1200mV 0C Model Setup 'Divisor:inst23|inst46'
Slack : 0.226
TNS   : 0.000

Type  : Slow 1200mV 0C Model Setup 'Divisor:inst23|inst52'
Slack : 0.226
TNS   : 0.000

Type  : Slow 1200mV 0C Model Setup 'Divisor:inst23|inst80'
Slack : 0.231
TNS   : 0.000

Type  : Slow 1200mV 0C Model Setup 'Divisor:inst23|inst40'
Slack : 0.233
TNS   : 0.000

Type  : Slow 1200mV 0C Model Setup 'Divisor:inst23|inst'
Slack : 0.241
TNS   : 0.000

Type  : Slow 1200mV 0C Model Setup 'Divisor:inst23|inst11'
Slack : 0.284
TNS   : 0.000

Type  : Slow 1200mV 0C Model Setup 'Divisor:inst23|inst7'
Slack : 0.291
TNS   : 0.000

Type  : Slow 1200mV 0C Model Setup 'Divisor:inst23|inst86'
Slack : 0.398
TNS   : 0.000

Type  : Slow 1200mV 0C Model Hold 'Divisor:inst23|inst11'
Slack : -0.194
TNS   : -0.194

Type  : Slow 1200mV 0C Model Hold 'clk_in'
Slack : -0.089
TNS   : -0.089

Type  : Slow 1200mV 0C Model Hold 'Divisor:inst23|inst7'
Slack : -0.082
TNS   : -0.082

Type  : Slow 1200mV 0C Model Hold 'Divisor:inst23|inst72'
Slack : -0.053
TNS   : -0.053

Type  : Slow 1200mV 0C Model Hold 'Divisor:inst23|inst17'
Slack : -0.014
TNS   : -0.014

Type  : Slow 1200mV 0C Model Hold 'Divisor:inst23|inst60'
Slack : -0.014
TNS   : -0.014

Type  : Slow 1200mV 0C Model Hold 'Divisor:inst23|inst46'
Slack : -0.013
TNS   : -0.013

Type  : Slow 1200mV 0C Model Hold 'Divisor:inst23|inst66'
Slack : -0.012
TNS   : -0.012

Type  : Slow 1200mV 0C Model Hold 'Divisor:inst23|inst29'
Slack : -0.011
TNS   : -0.011

Type  : Slow 1200mV 0C Model Hold 'Divisor:inst23|inst32'
Slack : -0.007
TNS   : -0.007

Type  : Slow 1200mV 0C Model Hold 'Divisor:inst23|inst13'
Slack : 0.002
TNS   : 0.000

Type  : Slow 1200mV 0C Model Hold 'Divisor:inst23|inst49'
Slack : 0.004
TNS   : 0.000

Type  : Slow 1200mV 0C Model Hold 'Divisor:inst23|inst27'
Slack : 0.007
TNS   : 0.000

Type  : Slow 1200mV 0C Model Hold 'Divisor:inst23|inst'
Slack : 0.008
TNS   : 0.000

Type  : Slow 1200mV 0C Model Hold 'Divisor:inst23|inst40'
Slack : 0.016
TNS   : 0.000

Type  : Slow 1200mV 0C Model Hold 'Divisor:inst23|inst80'
Slack : 0.018
TNS   : 0.000

Type  : Slow 1200mV 0C Model Hold 'Divisor:inst23|inst52'
Slack : 0.022
TNS   : 0.000

Type  : Slow 1200mV 0C Model Hold 'Divisor:inst23|inst43'
Slack : 0.025
TNS   : 0.000

Type  : Slow 1200mV 0C Model Hold 'Divisor:inst23|inst63'
Slack : 0.038
TNS   : 0.000

Type  : Slow 1200mV 0C Model Hold 'Divisor:inst23|inst83'
Slack : 0.040
TNS   : 0.000

Type  : Slow 1200mV 0C Model Hold 'Divisor:inst23|inst69'
Slack : 0.054
TNS   : 0.000

Type  : Slow 1200mV 0C Model Hold 'Divisor:inst23|inst25'
Slack : 0.065
TNS   : 0.000

Type  : Slow 1200mV 0C Model Hold 'Divisor:inst23|inst15'
Slack : 0.113
TNS   : 0.000

Type  : Slow 1200mV 0C Model Hold 'run_step'
Slack : 0.299
TNS   : 0.000

Type  : Slow 1200mV 0C Model Hold 'Divisor:inst23|inst86'
Slack : 0.341
TNS   : 0.000

Type  : Slow 1200mV 0C Model Recovery 'run_step'
Slack : 0.135
TNS   : 0.000

Type  : Slow 1200mV 0C Model Removal 'run_step'
Slack : 0.479
TNS   : 0.000

Type  : Slow 1200mV 0C Model Minimum Pulse Width 'run_step'
Slack : -3.000
TNS   : -44.000

Type  : Slow 1200mV 0C Model Minimum Pulse Width 'clk_in'
Slack : -3.000
TNS   : -4.000

Type  : Slow 1200mV 0C Model Minimum Pulse Width 'Divisor:inst23|inst'
Slack : -1.000
TNS   : -1.000

Type  : Slow 1200mV 0C Model Minimum Pulse Width 'Divisor:inst23|inst11'
Slack : -1.000
TNS   : -1.000

Type  : Slow 1200mV 0C Model Minimum Pulse Width 'Divisor:inst23|inst13'
Slack : -1.000
TNS   : -1.000

Type  : Slow 1200mV 0C Model Minimum Pulse Width 'Divisor:inst23|inst15'
Slack : -1.000
TNS   : -1.000

Type  : Slow 1200mV 0C Model Minimum Pulse Width 'Divisor:inst23|inst17'
Slack : -1.000
TNS   : -1.000

Type  : Slow 1200mV 0C Model Minimum Pulse Width 'Divisor:inst23|inst25'
Slack : -1.000
TNS   : -1.000

Type  : Slow 1200mV 0C Model Minimum Pulse Width 'Divisor:inst23|inst27'
Slack : -1.000
TNS   : -1.000

Type  : Slow 1200mV 0C Model Minimum Pulse Width 'Divisor:inst23|inst29'
Slack : -1.000
TNS   : -1.000

Type  : Slow 1200mV 0C Model Minimum Pulse Width 'Divisor:inst23|inst32'
Slack : -1.000
TNS   : -1.000

Type  : Slow 1200mV 0C Model Minimum Pulse Width 'Divisor:inst23|inst40'
Slack : -1.000
TNS   : -1.000

Type  : Slow 1200mV 0C Model Minimum Pulse Width 'Divisor:inst23|inst43'
Slack : -1.000
TNS   : -1.000

Type  : Slow 1200mV 0C Model Minimum Pulse Width 'Divisor:inst23|inst46'
Slack : -1.000
TNS   : -1.000

Type  : Slow 1200mV 0C Model Minimum Pulse Width 'Divisor:inst23|inst49'
Slack : -1.000
TNS   : -1.000

Type  : Slow 1200mV 0C Model Minimum Pulse Width 'Divisor:inst23|inst52'
Slack : -1.000
TNS   : -1.000

Type  : Slow 1200mV 0C Model Minimum Pulse Width 'Divisor:inst23|inst60'
Slack : -1.000
TNS   : -1.000

Type  : Slow 1200mV 0C Model Minimum Pulse Width 'Divisor:inst23|inst63'
Slack : -1.000
TNS   : -1.000

Type  : Slow 1200mV 0C Model Minimum Pulse Width 'Divisor:inst23|inst66'
Slack : -1.000
TNS   : -1.000

Type  : Slow 1200mV 0C Model Minimum Pulse Width 'Divisor:inst23|inst69'
Slack : -1.000
TNS   : -1.000

Type  : Slow 1200mV 0C Model Minimum Pulse Width 'Divisor:inst23|inst7'
Slack : -1.000
TNS   : -1.000

Type  : Slow 1200mV 0C Model Minimum Pulse Width 'Divisor:inst23|inst72'
Slack : -1.000
TNS   : -1.000

Type  : Slow 1200mV 0C Model Minimum Pulse Width 'Divisor:inst23|inst80'
Slack : -1.000
TNS   : -1.000

Type  : Slow 1200mV 0C Model Minimum Pulse Width 'Divisor:inst23|inst83'
Slack : -1.000
TNS   : -1.000

Type  : Slow 1200mV 0C Model Minimum Pulse Width 'Divisor:inst23|inst86'
Slack : -1.000
TNS   : -1.000

Type  : Fast 1200mV 0C Model Setup 'run_step'
Slack : -1.526
TNS   : -42.881

Type  : Fast 1200mV 0C Model Setup 'Divisor:inst23|inst49'
Slack : 0.238
TNS   : 0.000

Type  : Fast 1200mV 0C Model Setup 'Divisor:inst23|inst13'
Slack : 0.239
TNS   : 0.000

Type  : Fast 1200mV 0C Model Setup 'Divisor:inst23|inst15'
Slack : 0.239
TNS   : 0.000

Type  : Fast 1200mV 0C Model Setup 'Divisor:inst23|inst66'
Slack : 0.240
TNS   : 0.000

Type  : Fast 1200mV 0C Model Setup 'Divisor:inst23|inst32'
Slack : 0.241
TNS   : 0.000

Type  : Fast 1200mV 0C Model Setup 'clk_in'
Slack : 0.242
TNS   : 0.000

Type  : Fast 1200mV 0C Model Setup 'Divisor:inst23|inst25'
Slack : 0.244
TNS   : 0.000

Type  : Fast 1200mV 0C Model Setup 'Divisor:inst23|inst17'
Slack : 0.246
TNS   : 0.000

Type  : Fast 1200mV 0C Model Setup 'Divisor:inst23|inst60'
Slack : 0.247
TNS   : 0.000

Type  : Fast 1200mV 0C Model Setup 'Divisor:inst23|inst27'
Slack : 0.295
TNS   : 0.000

Type  : Fast 1200mV 0C Model Setup 'Divisor:inst23|inst72'
Slack : 0.296
TNS   : 0.000

Type  : Fast 1200mV 0C Model Setup 'Divisor:inst23|inst43'
Slack : 0.336
TNS   : 0.000

Type  : Fast 1200mV 0C Model Setup 'Divisor:inst23|inst69'
Slack : 0.338
TNS   : 0.000

Type  : Fast 1200mV 0C Model Setup 'Divisor:inst23|inst63'
Slack : 0.344
TNS   : 0.000

Type  : Fast 1200mV 0C Model Setup 'Divisor:inst23|inst29'
Slack : 0.348
TNS   : 0.000

Type  : Fast 1200mV 0C Model Setup 'Divisor:inst23|inst46'
Slack : 0.349
TNS   : 0.000

Type  : Fast 1200mV 0C Model Setup 'Divisor:inst23|inst52'
Slack : 0.354
TNS   : 0.000

Type  : Fast 1200mV 0C Model Setup 'Divisor:inst23|inst83'
Slack : 0.355
TNS   : 0.000

Type  : Fast 1200mV 0C Model Setup 'Divisor:inst23|inst40'
Slack : 0.362
TNS   : 0.000

Type  : Fast 1200mV 0C Model Setup 'Divisor:inst23|inst80'
Slack : 0.362
TNS   : 0.000

Type  : Fast 1200mV 0C Model Setup 'Divisor:inst23|inst11'
Slack : 0.364
TNS   : 0.000

Type  : Fast 1200mV 0C Model Setup 'Divisor:inst23|inst'
Slack : 0.368
TNS   : 0.000

Type  : Fast 1200mV 0C Model Setup 'Divisor:inst23|inst7'
Slack : 0.372
TNS   : 0.000

Type  : Fast 1200mV 0C Model Setup 'Divisor:inst23|inst86'
Slack : 0.626
TNS   : 0.000

Type  : Fast 1200mV 0C Model Hold 'Divisor:inst23|inst11'
Slack : -0.084
TNS   : -0.084

Type  : Fast 1200mV 0C Model Hold 'clk_in'
Slack : -0.076
TNS   : -0.076

Type  : Fast 1200mV 0C Model Hold 'Divisor:inst23|inst7'
Slack : -0.037
TNS   : -0.037

Type  : Fast 1200mV 0C Model Hold 'Divisor:inst23|inst83'
Slack : -0.030
TNS   : -0.030

Type  : Fast 1200mV 0C Model Hold 'Divisor:inst23|inst'
Slack : -0.012
TNS   : -0.012

Type  : Fast 1200mV 0C Model Hold 'Divisor:inst23|inst29'
Slack : -0.007
TNS   : -0.007

Type  : Fast 1200mV 0C Model Hold 'Divisor:inst23|inst40'
Slack : -0.007
TNS   : -0.007

Type  : Fast 1200mV 0C Model Hold 'Divisor:inst23|inst80'
Slack : -0.007
TNS   : -0.007

Type  : Fast 1200mV 0C Model Hold 'Divisor:inst23|inst43'
Slack : -0.006
TNS   : -0.006

Type  : Fast 1200mV 0C Model Hold 'Divisor:inst23|inst46'
Slack : -0.006
TNS   : -0.006

Type  : Fast 1200mV 0C Model Hold 'Divisor:inst23|inst72'
Slack : -0.004
TNS   : -0.004

Type  : Fast 1200mV 0C Model Hold 'Divisor:inst23|inst63'
Slack : -0.003
TNS   : -0.003

Type  : Fast 1200mV 0C Model Hold 'Divisor:inst23|inst52'
Slack : 0.000
TNS   : 0.000

Type  : Fast 1200mV 0C Model Hold 'Divisor:inst23|inst69'
Slack : 0.004
TNS   : 0.000

Type  : Fast 1200mV 0C Model Hold 'Divisor:inst23|inst17'
Slack : 0.011
TNS   : 0.000

Type  : Fast 1200mV 0C Model Hold 'Divisor:inst23|inst27'
Slack : 0.011
TNS   : 0.000

Type  : Fast 1200mV 0C Model Hold 'Divisor:inst23|inst60'
Slack : 0.012
TNS   : 0.000

Type  : Fast 1200mV 0C Model Hold 'Divisor:inst23|inst66'
Slack : 0.012
TNS   : 0.000

Type  : Fast 1200mV 0C Model Hold 'Divisor:inst23|inst32'
Slack : 0.013
TNS   : 0.000

Type  : Fast 1200mV 0C Model Hold 'Divisor:inst23|inst49'
Slack : 0.019
TNS   : 0.000

Type  : Fast 1200mV 0C Model Hold 'Divisor:inst23|inst13'
Slack : 0.020
TNS   : 0.000

Type  : Fast 1200mV 0C Model Hold 'Divisor:inst23|inst25'
Slack : 0.048
TNS   : 0.000

Type  : Fast 1200mV 0C Model Hold 'Divisor:inst23|inst15'
Slack : 0.051
TNS   : 0.000

Type  : Fast 1200mV 0C Model Hold 'run_step'
Slack : 0.179
TNS   : 0.000

Type  : Fast 1200mV 0C Model Hold 'Divisor:inst23|inst86'
Slack : 0.208
TNS   : 0.000

Type  : Fast 1200mV 0C Model Recovery 'run_step'
Slack : 0.428
TNS   : 0.000

Type  : Fast 1200mV 0C Model Removal 'run_step'
Slack : 0.293
TNS   : 0.000

Type  : Fast 1200mV 0C Model Minimum Pulse Width 'run_step'
Slack : -3.000
TNS   : -52.492

Type  : Fast 1200mV 0C Model Minimum Pulse Width 'clk_in'
Slack : -3.000
TNS   : -4.014

Type  : Fast 1200mV 0C Model Minimum Pulse Width 'Divisor:inst23|inst'
Slack : -1.000
TNS   : -1.000

Type  : Fast 1200mV 0C Model Minimum Pulse Width 'Divisor:inst23|inst11'
Slack : -1.000
TNS   : -1.000

Type  : Fast 1200mV 0C Model Minimum Pulse Width 'Divisor:inst23|inst13'
Slack : -1.000
TNS   : -1.000

Type  : Fast 1200mV 0C Model Minimum Pulse Width 'Divisor:inst23|inst15'
Slack : -1.000
TNS   : -1.000

Type  : Fast 1200mV 0C Model Minimum Pulse Width 'Divisor:inst23|inst17'
Slack : -1.000
TNS   : -1.000

Type  : Fast 1200mV 0C Model Minimum Pulse Width 'Divisor:inst23|inst25'
Slack : -1.000
TNS   : -1.000

Type  : Fast 1200mV 0C Model Minimum Pulse Width 'Divisor:inst23|inst27'
Slack : -1.000
TNS   : -1.000

Type  : Fast 1200mV 0C Model Minimum Pulse Width 'Divisor:inst23|inst29'
Slack : -1.000
TNS   : -1.000

Type  : Fast 1200mV 0C Model Minimum Pulse Width 'Divisor:inst23|inst32'
Slack : -1.000
TNS   : -1.000

Type  : Fast 1200mV 0C Model Minimum Pulse Width 'Divisor:inst23|inst40'
Slack : -1.000
TNS   : -1.000

Type  : Fast 1200mV 0C Model Minimum Pulse Width 'Divisor:inst23|inst43'
Slack : -1.000
TNS   : -1.000

Type  : Fast 1200mV 0C Model Minimum Pulse Width 'Divisor:inst23|inst46'
Slack : -1.000
TNS   : -1.000

Type  : Fast 1200mV 0C Model Minimum Pulse Width 'Divisor:inst23|inst49'
Slack : -1.000
TNS   : -1.000

Type  : Fast 1200mV 0C Model Minimum Pulse Width 'Divisor:inst23|inst52'
Slack : -1.000
TNS   : -1.000

Type  : Fast 1200mV 0C Model Minimum Pulse Width 'Divisor:inst23|inst60'
Slack : -1.000
TNS   : -1.000

Type  : Fast 1200mV 0C Model Minimum Pulse Width 'Divisor:inst23|inst63'
Slack : -1.000
TNS   : -1.000

Type  : Fast 1200mV 0C Model Minimum Pulse Width 'Divisor:inst23|inst66'
Slack : -1.000
TNS   : -1.000

Type  : Fast 1200mV 0C Model Minimum Pulse Width 'Divisor:inst23|inst69'
Slack : -1.000
TNS   : -1.000

Type  : Fast 1200mV 0C Model Minimum Pulse Width 'Divisor:inst23|inst7'
Slack : -1.000
TNS   : -1.000

Type  : Fast 1200mV 0C Model Minimum Pulse Width 'Divisor:inst23|inst72'
Slack : -1.000
TNS   : -1.000

Type  : Fast 1200mV 0C Model Minimum Pulse Width 'Divisor:inst23|inst80'
Slack : -1.000
TNS   : -1.000

Type  : Fast 1200mV 0C Model Minimum Pulse Width 'Divisor:inst23|inst83'
Slack : -1.000
TNS   : -1.000

Type  : Fast 1200mV 0C Model Minimum Pulse Width 'Divisor:inst23|inst86'
Slack : -1.000
TNS   : -1.000

------------------------------------------------------------
